// Vitest Snapshot v1, https://vitest.dev/guide/snapshot.html

exports[`Toggle > Snapshot тесты > default off state соответствует snapshot 1`] = `
<button
  aria-pressed="false"
  class="inline-flex items-center justify-center gap-2 rounded-md text-sm font-medium hover:bg-muted hover:text-muted-foreground disabled:pointer-events-none disabled:opacity-50 data-[state=on]:bg-accent data-[state=on]:text-accent-foreground [&_svg]:pointer-events-none [&_svg:not([class*='size-'])]:size-4 [&_svg]:shrink-0 focus-visible:border-ring focus-visible:ring-ring/50 focus-visible:ring-[3px] outline-none transition-[color,box-shadow] aria-invalid:ring-destructive/20 dark:aria-invalid:ring-destructive/40 aria-invalid:border-destructive whitespace-nowrap bg-transparent h-9 px-2 min-w-9"
  data-slot="toggle"
  data-state="off"
  type="button"
>
  Toggle
</button>
`;

exports[`Toggle > Snapshot тесты > disabled соответствует snapshot 1`] = `
<button
  aria-pressed="false"
  class="inline-flex items-center justify-center gap-2 rounded-md text-sm font-medium hover:bg-muted hover:text-muted-foreground disabled:pointer-events-none disabled:opacity-50 data-[state=on]:bg-accent data-[state=on]:text-accent-foreground [&_svg]:pointer-events-none [&_svg:not([class*='size-'])]:size-4 [&_svg]:shrink-0 focus-visible:border-ring focus-visible:ring-ring/50 focus-visible:ring-[3px] outline-none transition-[color,box-shadow] aria-invalid:ring-destructive/20 dark:aria-invalid:ring-destructive/40 aria-invalid:border-destructive whitespace-nowrap bg-transparent h-9 px-2 min-w-9"
  data-disabled=""
  data-slot="toggle"
  data-state="off"
  disabled=""
  type="button"
>
  Disabled Toggle
</button>
`;

exports[`Toggle > Snapshot тесты > large size соответствует snapshot 1`] = `
<button
  aria-pressed="false"
  class="inline-flex items-center justify-center gap-2 rounded-md text-sm font-medium hover:bg-muted hover:text-muted-foreground disabled:pointer-events-none disabled:opacity-50 data-[state=on]:bg-accent data-[state=on]:text-accent-foreground [&_svg]:pointer-events-none [&_svg:not([class*='size-'])]:size-4 [&_svg]:shrink-0 focus-visible:border-ring focus-visible:ring-ring/50 focus-visible:ring-[3px] outline-none transition-[color,box-shadow] aria-invalid:ring-destructive/20 dark:aria-invalid:ring-destructive/40 aria-invalid:border-destructive whitespace-nowrap bg-transparent h-10 px-2.5 min-w-10"
  data-slot="toggle"
  data-state="off"
  type="button"
>
  Large Toggle
</button>
`;

exports[`Toggle > Snapshot тесты > outline variant соответствует snapshot 1`] = `
<button
  aria-pressed="false"
  class="inline-flex items-center justify-center gap-2 rounded-md text-sm font-medium disabled:pointer-events-none disabled:opacity-50 data-[state=on]:bg-accent data-[state=on]:text-accent-foreground [&_svg]:pointer-events-none [&_svg:not([class*='size-'])]:size-4 [&_svg]:shrink-0 focus-visible:border-ring focus-visible:ring-ring/50 focus-visible:ring-[3px] outline-none transition-[color,box-shadow] aria-invalid:ring-destructive/20 dark:aria-invalid:ring-destructive/40 aria-invalid:border-destructive whitespace-nowrap border border-input bg-transparent shadow-xs hover:bg-accent hover:text-accent-foreground h-9 px-2 min-w-9"
  data-slot="toggle"
  data-state="off"
  type="button"
>
  Outline Toggle
</button>
`;

exports[`Toggle > Snapshot тесты > pressed on state соответствует snapshot 1`] = `
<button
  aria-pressed="true"
  class="inline-flex items-center justify-center gap-2 rounded-md text-sm font-medium hover:bg-muted hover:text-muted-foreground disabled:pointer-events-none disabled:opacity-50 data-[state=on]:bg-accent data-[state=on]:text-accent-foreground [&_svg]:pointer-events-none [&_svg:not([class*='size-'])]:size-4 [&_svg]:shrink-0 focus-visible:border-ring focus-visible:ring-ring/50 focus-visible:ring-[3px] outline-none transition-[color,box-shadow] aria-invalid:ring-destructive/20 dark:aria-invalid:ring-destructive/40 aria-invalid:border-destructive whitespace-nowrap bg-transparent h-9 px-2 min-w-9"
  data-slot="toggle"
  data-state="on"
  type="button"
>
  Toggle Pressed
</button>
`;

exports[`Toggle > Snapshot тесты > small size соответствует snapshot 1`] = `
<button
  aria-pressed="false"
  class="inline-flex items-center justify-center gap-2 rounded-md text-sm font-medium hover:bg-muted hover:text-muted-foreground disabled:pointer-events-none disabled:opacity-50 data-[state=on]:bg-accent data-[state=on]:text-accent-foreground [&_svg]:pointer-events-none [&_svg:not([class*='size-'])]:size-4 [&_svg]:shrink-0 focus-visible:border-ring focus-visible:ring-ring/50 focus-visible:ring-[3px] outline-none transition-[color,box-shadow] aria-invalid:ring-destructive/20 dark:aria-invalid:ring-destructive/40 aria-invalid:border-destructive whitespace-nowrap bg-transparent h-8 px-1.5 min-w-8"
  data-slot="toggle"
  data-state="off"
  type="button"
>
  Small Toggle
</button>
`;
