// Vitest Snapshot v1, https://vitest.dev/guide/snapshot.html

exports[`ThemeToggle > Snapshot тест > соответствует snapshot после монтирования 1`] = `
<div
  class="group/toggle-group flex w-fit items-center data-[variant=outline]:shadow-xs border rounded-lg p-1"
  data-slot="toggle-group"
  dir="ltr"
  role="group"
  style="outline: none;"
  tabindex="0"
>
  <button
    aria-checked="false"
    aria-label="Светлая тема"
    class="inline-flex items-center justify-center gap-2 text-sm font-medium hover:bg-muted hover:text-muted-foreground disabled:pointer-events-none disabled:opacity-50 [&_svg]:pointer-events-none [&_svg:not([class*='size-'])]:size-4 [&_svg]:shrink-0 focus-visible:border-ring focus-visible:ring-ring/50 focus-visible:ring-[3px] outline-none transition-[color,box-shadow] aria-invalid:ring-destructive/20 dark:aria-invalid:ring-destructive/40 aria-invalid:border-destructive whitespace-nowrap bg-transparent h-9 px-2 min-w-0 flex-1 shrink-0 rounded-none shadow-none first:rounded-l-md last:rounded-r-md focus:z-10 focus-visible:z-10 data-[variant=outline]:border-l-0 data-[variant=outline]:first:border-l data-[state=on]:bg-primary data-[state=on]:text-primary-foreground"
    data-radix-collection-item=""
    data-slot="toggle-group-item"
    data-state="off"
    role="radio"
    tabindex="-1"
    type="button"
  >
    <svg
      aria-hidden="true"
      class="lucide lucide-sun h-4 w-4"
      fill="none"
      height="24"
      stroke="currentColor"
      stroke-linecap="round"
      stroke-linejoin="round"
      stroke-width="2"
      viewBox="0 0 24 24"
      width="24"
      xmlns="http://www.w3.org/2000/svg"
    >
      <circle
        cx="12"
        cy="12"
        r="4"
      />
      <path
        d="M12 2v2"
      />
      <path
        d="M12 20v2"
      />
      <path
        d="m4.93 4.93 1.41 1.41"
      />
      <path
        d="m17.66 17.66 1.41 1.41"
      />
      <path
        d="M2 12h2"
      />
      <path
        d="M20 12h2"
      />
      <path
        d="m6.34 17.66-1.41 1.41"
      />
      <path
        d="m19.07 4.93-1.41 1.41"
      />
    </svg>
  </button>
  <button
    aria-checked="false"
    aria-label="Системная тема"
    class="inline-flex items-center justify-center gap-2 text-sm font-medium hover:bg-muted hover:text-muted-foreground disabled:pointer-events-none disabled:opacity-50 [&_svg]:pointer-events-none [&_svg:not([class*='size-'])]:size-4 [&_svg]:shrink-0 focus-visible:border-ring focus-visible:ring-ring/50 focus-visible:ring-[3px] outline-none transition-[color,box-shadow] aria-invalid:ring-destructive/20 dark:aria-invalid:ring-destructive/40 aria-invalid:border-destructive whitespace-nowrap bg-transparent h-9 px-2 min-w-0 flex-1 shrink-0 rounded-none shadow-none first:rounded-l-md last:rounded-r-md focus:z-10 focus-visible:z-10 data-[variant=outline]:border-l-0 data-[variant=outline]:first:border-l data-[state=on]:bg-primary data-[state=on]:text-primary-foreground"
    data-radix-collection-item=""
    data-slot="toggle-group-item"
    data-state="off"
    role="radio"
    tabindex="-1"
    type="button"
  >
    <svg
      aria-hidden="true"
      class="lucide lucide-monitor h-4 w-4"
      fill="none"
      height="24"
      stroke="currentColor"
      stroke-linecap="round"
      stroke-linejoin="round"
      stroke-width="2"
      viewBox="0 0 24 24"
      width="24"
      xmlns="http://www.w3.org/2000/svg"
    >
      <rect
        height="14"
        rx="2"
        width="20"
        x="2"
        y="3"
      />
      <line
        x1="8"
        x2="16"
        y1="21"
        y2="21"
      />
      <line
        x1="12"
        x2="12"
        y1="17"
        y2="21"
      />
    </svg>
  </button>
  <button
    aria-checked="true"
    aria-label="Тёмная тема"
    class="inline-flex items-center justify-center gap-2 text-sm font-medium hover:bg-muted hover:text-muted-foreground disabled:pointer-events-none disabled:opacity-50 [&_svg]:pointer-events-none [&_svg:not([class*='size-'])]:size-4 [&_svg]:shrink-0 focus-visible:border-ring focus-visible:ring-ring/50 focus-visible:ring-[3px] outline-none transition-[color,box-shadow] aria-invalid:ring-destructive/20 dark:aria-invalid:ring-destructive/40 aria-invalid:border-destructive whitespace-nowrap bg-transparent h-9 px-2 min-w-0 flex-1 shrink-0 rounded-none shadow-none first:rounded-l-md last:rounded-r-md focus:z-10 focus-visible:z-10 data-[variant=outline]:border-l-0 data-[variant=outline]:first:border-l data-[state=on]:bg-primary data-[state=on]:text-primary-foreground"
    data-radix-collection-item=""
    data-slot="toggle-group-item"
    data-state="on"
    role="radio"
    tabindex="-1"
    type="button"
  >
    <svg
      aria-hidden="true"
      class="lucide lucide-moon h-4 w-4"
      fill="none"
      height="24"
      stroke="currentColor"
      stroke-linecap="round"
      stroke-linejoin="round"
      stroke-width="2"
      viewBox="0 0 24 24"
      width="24"
      xmlns="http://www.w3.org/2000/svg"
    >
      <path
        d="M20.985 12.486a9 9 0 1 1-9.473-9.472c.405-.022.617.46.402.803a6 6 0 0 0 8.268 8.268c.344-.215.825-.004.803.401"
      />
    </svg>
  </button>
</div>
`;
